// Jest Snapshot v1, https://goo.gl/fbAQLP

exports[`Header component header snapshot 1`] = `undefined`;
